2026-10-02 15:02:25 INFO  DevNotesApplication: Starting DevNotesApplication v1.1.7 using Java 21.0.12 with PID 22641 (/home/sergey/Проекты/DevNotes/target/classes started by sergey in /home/sergey/Проекты/DevNotes)
2026-10-02 15:02:25 INFO  DevNotesApplication: The following 1 profile is active: "prod"
2026-10-02 15:02:25 INFO  DevToolsPropertyDefaultsPostProcessor: Devtools property defaults active! Set 'spring.devtools.add-properties' to 'false' to disable
2026-10-02 15:02:25 INFO  DevToolsPropertyDefaultsPostProcessor: For additional web related logging consider setting the 'logging.level.web' property to 'DEBUG'
2026-10-02 15:02:26 INFO  RepositoryConfigurationDelegate: Bootstrapping Spring Data JPA repositories in DEFAULT mode.
2026-10-02 15:02:26 INFO  RepositoryConfigurationDelegate: Finished Spring Data repository scanning in 37 ms. Found 2 JPA repository interfaces.
2026-10-02 15:02:26 INFO  TomcatWebServer: Tomcat initialized with port 8080 (http)
2026-10-02 15:02:26 INFO  StandardService: Starting service [Tomcat]
2026-10-02 15:02:26 INFO  StandardEngine: Starting Servlet engine: [Apache Tomcat/11.0.21]
2026-10-02 15:02:26 INFO  WebApplicationContextInitializer: Root WebApplicationContext: initialization completed in 1561 ms
2026-10-02 15:02:27 INFO  jpa: HHH008540: Processing PersistenceUnitInfo [name: default]
2026-10-02 15:02:27 INFO  core: HHH000001: Hibernate ORM core version 7.2.12.Final
2026-10-02 15:02:27 INFO  SpringPersistenceUnitInfo: No LoadTimeWeaver setup: ignoring JPA class transformer
2026-10-02 15:02:27 INFO  HikariDataSource: HikariPool-1 - Starting...
2026-10-02 15:02:27 INFO  HikariPool: HikariPool-1 - Added connection org.postgresql.jdbc.PgConnection@56301864
2026-10-02 15:02:27 INFO  HikariDataSource: HikariPool-1 - Start completed.
2026-10-02 15:02:28 INFO  pooling: HHH10001005: Database info:
	Database JDBC URL [jdbc:postgresql://localhost:5432/devnotes]
	Database driver: PostgreSQL JDBC Driver
	Database dialect: PostgreSQLDialect
	Database version: 16.15
	Default catalog/schema: devnotes/public
	Autocommit mode: undefined/unknown
	Isolation level: READ_COMMITTED [default READ_COMMITTED]
	JDBC fetch size: none
	Pool: DataSourceConnectionProvider
	Minimum pool size: undefined/unknown
	Maximum pool size: undefined/unknown
2026-10-02 15:02:29 INFO  core: HHH000489: No JTA platform available (set 'hibernate.transaction.jta.platform' to enable JTA platform integration)
2026-10-02 15:02:29 INFO  LocalContainerEntityManagerFactoryBean: Initialized JPA EntityManagerFactory for persistence unit 'default'
2026-10-02 15:02:29 INFO  QueryEnhancerFactories: Hibernate is in classpath; If applicable, HQL parser will be used.
2026-10-02 15:02:29 WARN  JpaBaseConfiguration$JpaWebConfiguration: spring.jpa.open-in-view is enabled by default. Therefore, database queries may be performed during view rendering. Explicitly configure spring.jpa.open-in-view to disable this warning
2026-10-02 15:02:30 INFO  InitializeUserDetailsBeanManagerConfigurer$InitializeUserDetailsManagerConfigurer: Global AuthenticationManager configured with UserDetailsService bean with name userDetailsService
2026-10-02 15:02:30 INFO  EndpointLinksResolver: Exposing 3 endpoints beneath base path '/actuator'
2026-10-02 15:02:31 INFO  TomcatWebServer: Tomcat started on port 8080 (http) with context path '/'
2026-10-02 15:02:31 INFO  DevNotesApplication: Started DevNotesApplication in 6.365 seconds (process running for 7.368)
2026-10-02 15:02:31 INFO  [/]: Initializing Spring DispatcherServlet 'dispatcherServlet'
2026-10-02 15:02:31 INFO  DispatcherServlet: Initializing Servlet 'dispatcherServlet'
2026-10-02 15:02:31 INFO  DispatcherServlet: Completed initialization in 4 ms
2026-10-02 15:12:24 INFO  GracefulShutdown: Commencing graceful shutdown. Waiting for active requests to complete
2026-10-02 15:12:24 INFO  GracefulShutdown: Graceful shutdown complete
2026-10-02 15:12:24 INFO  LocalContainerEntityManagerFactoryBean: Closing JPA EntityManagerFactory for persistence unit 'default'
2026-10-02 15:12:24 INFO  HikariDataSource: HikariPool-1 - Shutdown initiated...
2026-10-02 15:12:24 INFO  HikariDataSource: HikariPool-1 - Shutdown completed.
2026-10-02 15:12:28 INFO  DevNotesApplication: Starting DevNotesApplication v1.1.8 using Java 21.0.12 with PID 23424 (/home/sergey/Проекты/DevNotes/target/classes started by sergey in /home/sergey/Проекты/DevNotes)
2026-10-02 15:12:28 INFO  DevNotesApplication: The following 1 profile is active: "prod"
2026-10-02 15:12:28 INFO  DevToolsPropertyDefaultsPostProcessor: Devtools property defaults active! Set 'spring.devtools.add-properties' to 'false' to disable
2026-10-02 15:12:28 INFO  DevToolsPropertyDefaultsPostProcessor: For additional web related logging consider setting the 'logging.level.web' property to 'DEBUG'
2026-10-02 15:12:29 INFO  RepositoryConfigurationDelegate: Bootstrapping Spring Data JPA repositories in DEFAULT mode.
2026-10-02 15:12:29 INFO  RepositoryConfigurationDelegate: Finished Spring Data repository scanning in 41 ms. Found 2 JPA repository interfaces.
2026-10-02 15:12:29 INFO  TomcatWebServer: Tomcat initialized with port 8080 (http)
2026-10-02 15:12:29 INFO  StandardService: Starting service [Tomcat]
2026-10-02 15:12:29 INFO  StandardEngine: Starting Servlet engine: [Apache Tomcat/11.0.21]
2026-10-02 15:12:29 INFO  WebApplicationContextInitializer: Root WebApplicationContext: initialization completed in 1729 ms
2026-10-02 15:12:30 INFO  jpa: HHH008540: Processing PersistenceUnitInfo [name: default]
2026-10-02 15:12:30 INFO  core: HHH000001: Hibernate ORM core version 7.2.12.Final
2026-10-02 15:12:30 INFO  SpringPersistenceUnitInfo: No LoadTimeWeaver setup: ignoring JPA class transformer
2026-10-02 15:12:30 INFO  HikariDataSource: HikariPool-1 - Starting...
2026-10-02 15:12:30 INFO  HikariPool: HikariPool-1 - Added connection org.postgresql.jdbc.PgConnection@3c656369
2026-10-02 15:12:30 INFO  HikariDataSource: HikariPool-1 - Start completed.
2026-10-02 15:12:30 INFO  pooling: HHH10001005: Database info:
	Database JDBC URL [jdbc:postgresql://localhost:5432/devnotes]
	Database driver: PostgreSQL JDBC Driver
	Database dialect: PostgreSQLDialect
	Database version: 16.15
	Default catalog/schema: devnotes/public
	Autocommit mode: undefined/unknown
	Isolation level: READ_COMMITTED [default READ_COMMITTED]
	JDBC fetch size: none
	Pool: DataSourceConnectionProvider
	Minimum pool size: undefined/unknown
	Maximum pool size: undefined/unknown
2026-10-02 15:12:31 INFO  core: HHH000489: No JTA platform available (set 'hibernate.transaction.jta.platform' to enable JTA platform integration)
2026-10-02 15:12:31 INFO  LocalContainerEntityManagerFactoryBean: Initialized JPA EntityManagerFactory for persistence unit 'default'
2026-10-02 15:12:31 INFO  QueryEnhancerFactories: Hibernate is in classpath; If applicable, HQL parser will be used.
2026-10-02 15:12:32 WARN  JpaBaseConfiguration$JpaWebConfiguration: spring.jpa.open-in-view is enabled by default. Therefore, database queries may be performed during view rendering. Explicitly configure spring.jpa.open-in-view to disable this warning
2026-10-02 15:12:32 INFO  InitializeUserDetailsBeanManagerConfigurer$InitializeUserDetailsManagerConfigurer: Global AuthenticationManager configured with UserDetailsService bean with name userDetailsService
2026-10-02 15:12:33 INFO  EndpointLinksResolver: Exposing 3 endpoints beneath base path '/actuator'
2026-10-02 15:12:33 INFO  TomcatWebServer: Tomcat started on port 8080 (http) with context path '/'
2026-10-02 15:12:33 INFO  DevNotesApplication: Started DevNotesApplication in 6.155 seconds (process running for 6.839)
2026-10-02 15:12:34 INFO  [/]: Initializing Spring DispatcherServlet 'dispatcherServlet'
2026-10-02 15:12:34 INFO  DispatcherServlet: Initializing Servlet 'dispatcherServlet'
2026-10-02 15:12:34 INFO  DispatcherServlet: Completed initialization in 4 ms
2026-10-02 15:13:21 INFO  LocalDevToolsAutoConfiguration$RestartingClassPathChangeChangedEventListener: Restarting due to 1 class path change (0 additions, 1 deletion, 0 modifications)
2026-10-02 15:13:21 INFO  GracefulShutdown: Commencing graceful shutdown. Waiting for active requests to complete
2026-10-02 15:13:21 INFO  GracefulShutdown: Graceful shutdown complete
2026-10-02 15:13:21 INFO  LocalContainerEntityManagerFactoryBean: Closing JPA EntityManagerFactory for persistence unit 'default'
2026-10-02 15:13:21 INFO  HikariDataSource: HikariPool-1 - Shutdown initiated...
2026-10-02 15:13:21 INFO  HikariDataSource: HikariPool-1 - Shutdown completed.
2026-10-02 15:13:21 INFO  DevNotesApplication: Starting DevNotesApplication v1.1.8 using Java 21.0.12 with PID 23424 (/home/sergey/Проекты/DevNotes/target/classes started by sergey in /home/sergey/Проекты/DevNotes)
2026-10-02 15:13:21 INFO  DevNotesApplication: The following 1 profile is active: "prod"
2026-10-02 15:13:21 INFO  RepositoryConfigurationDelegate: Bootstrapping Spring Data JPA repositories in DEFAULT mode.
2026-10-02 15:13:21 INFO  RepositoryConfigurationDelegate: Finished Spring Data repository scanning in 23 ms. Found 2 JPA repository interfaces.
2026-10-02 15:13:22 INFO  TomcatWebServer: Tomcat initialized with port 8080 (http)
2026-10-02 15:13:22 INFO  StandardService: Starting service [Tomcat]
2026-10-02 15:13:22 INFO  StandardEngine: Starting Servlet engine: [Apache Tomcat/11.0.21]
2026-10-02 15:13:22 INFO  WebApplicationContextInitializer: Root WebApplicationContext: initialization completed in 567 ms
2026-10-02 15:13:22 INFO  jpa: HHH008540: Processing PersistenceUnitInfo [name: default]
2026-10-02 15:13:22 INFO  SpringPersistenceUnitInfo: No LoadTimeWeaver setup: ignoring JPA class transformer
2026-10-02 15:13:22 INFO  HikariDataSource: HikariPool-2 - Starting...
2026-10-02 15:13:22 INFO  HikariPool: HikariPool-2 - Added connection org.postgresql.jdbc.PgConnection@789b5b03
2026-10-02 15:13:22 INFO  HikariDataSource: HikariPool-2 - Start completed.
2026-10-02 15:13:22 INFO  pooling: HHH10001005: Database info:
	Database JDBC URL [jdbc:postgresql://localhost:5432/devnotes]
	Database driver: PostgreSQL JDBC Driver
	Database dialect: PostgreSQLDialect
	Database version: 16.15
	Default catalog/schema: devnotes/public
	Autocommit mode: undefined/unknown
	Isolation level: READ_COMMITTED [default READ_COMMITTED]
	JDBC fetch size: none
	Pool: DataSourceConnectionProvider
	Minimum pool size: undefined/unknown
	Maximum pool size: undefined/unknown
2026-10-02 15:13:22 INFO  core: HHH000489: No JTA platform available (set 'hibernate.transaction.jta.platform' to enable JTA platform integration)
2026-10-02 15:13:22 INFO  LocalContainerEntityManagerFactoryBean: Initialized JPA EntityManagerFactory for persistence unit 'default'
2026-10-02 15:13:22 WARN  JpaBaseConfiguration$JpaWebConfiguration: spring.jpa.open-in-view is enabled by default. Therefore, database queries may be performed during view rendering. Explicitly configure spring.jpa.open-in-view to disable this warning
2026-10-02 15:13:22 WARN  UserDetailsServiceAutoConfiguration: 

Using generated security password: 14fa3f3b-129b-49fe-a58b-a5b6d907ab21

This generated password is for development use only. Your security configuration must be updated before running your application in production.

2026-10-02 15:13:22 INFO  InitializeUserDetailsBeanManagerConfigurer$InitializeUserDetailsManagerConfigurer: Global AuthenticationManager configured with UserDetailsService bean with name inMemoryUserDetailsManager
2026-10-02 15:13:23 INFO  EndpointLinksResolver: Exposing 3 endpoints beneath base path '/actuator'
2026-10-02 15:13:23 INFO  TomcatWebServer: Tomcat started on port 8080 (http) with context path '/'
2026-10-02 15:13:23 INFO  DevNotesApplication: Started DevNotesApplication in 1.521 seconds (process running for 56.077)
2026-10-02 15:13:23 INFO  ConditionEvaluationDeltaLoggingListener: Condition evaluation delta:


==========================
CONDITION EVALUATION DELTA
==========================


Positive matches:
-----------------

   ManagementWebSecurityAutoConfiguration matched:
      - @ConditionalOnClass found required classes 'org.springframework.security.web.util.matcher.RequestMatcher', 'org.springframework.boot.actuate.autoconfigure.endpoint.web.WebEndpointAutoConfiguration' (OnClassCondition)
      - found 'session' scope (OnWebApplicationCondition)
      - AllNestedConditions 2 matched 0 did not; NestedCondition on DefaultWebSecurityCondition.Beans @ConditionalOnMissingBean (types: org.springframework.security.web.SecurityFilterChain; SearchStrategy: all) did not find any beans; NestedCondition on DefaultWebSecurityCondition.Classes @ConditionalOnClass found required classes 'org.springframework.security.web.SecurityFilterChain', 'org.springframework.security.config.annotation.web.builders.HttpSecurity' (DefaultWebSecurityCondition)

   UserDetailsServiceAutoConfiguration matched:
      - @ConditionalOnClass found required class 'org.springframework.security.authentication.AuthenticationManager' (OnClassCondition)
      - found 'session' scope (OnWebApplicationCondition)
      - AnyNestedCondition 1 matched 2 did not; NestedCondition on MissingAlternativeUserDetailsManagerOrUserPropertiesConfigured.PasswordConfigured @ConditionalOnProperty (spring.security.user.password) did not find property 'spring.security.user.password'; NestedCondition on MissingAlternativeUserDetailsManagerOrUserPropertiesConfigured.NameConfigured @ConditionalOnProperty (spring.security.user.name) did not find property 'spring.security.user.name'; NestedCondition on MissingAlternativeUserDetailsManagerOrUserPropertiesConfigured.MissingAlternative @ConditionalOnMissingClass did not find unwanted classes 'org.springframework.security.oauth2.client.registration.ClientRegistrationRepository', 'org.springframework.security.oauth2.server.resource.introspection.OpaqueTokenIntrospector', 'org.springframework.security.saml2.provider.service.registration.RelyingPartyRegistrationRepository' (MissingAlternativeUserDetailsManagerOrUserPropertiesConfigured)
      - @ConditionalOnMissingBean (types: org.springframework.security.authentication.AuthenticationManager,org.springframework.security.authentication.AuthenticationProvider,org.springframework.security.core.userdetails.UserDetailsService,org.springframework.security.authentication.AuthenticationManagerResolver,org.springframework.security.oauth2.jwt.JwtDecoder; SearchStrategy: all) did not find any beans (OnBeanCondition)


Negative matches:
-----------------

    None


Exclusions:
-----------

    None


Unconditional classes:
----------------------

    None



2026-10-02 15:13:23 INFO  [/]: Initializing Spring DispatcherServlet 'dispatcherServlet'
2026-10-02 15:13:23 INFO  DispatcherServlet: Initializing Servlet 'dispatcherServlet'
2026-10-02 15:13:23 INFO  DispatcherServlet: Completed initialization in 3 ms
2026-10-02 15:13:24 INFO  LocalDevToolsAutoConfiguration$RestartingClassPathChangeChangedEventListener: Restarting due to 1 class path change (1 addition, 0 deletions, 0 modifications)
2026-10-02 15:13:24 INFO  GracefulShutdown: Commencing graceful shutdown. Waiting for active requests to complete
2026-10-02 15:13:24 INFO  GracefulShutdown: Graceful shutdown complete
2026-10-02 15:13:24 INFO  LocalContainerEntityManagerFactoryBean: Closing JPA EntityManagerFactory for persistence unit 'default'
2026-10-02 15:13:24 INFO  HikariDataSource: HikariPool-2 - Shutdown initiated...
2026-10-02 15:13:24 INFO  HikariDataSource: HikariPool-2 - Shutdown completed.
2026-10-02 15:13:24 INFO  DevNotesApplication: Starting DevNotesApplication v1.1.8 using Java 21.0.12 with PID 23424 (/home/sergey/Проекты/DevNotes/target/classes started by sergey in /home/sergey/Проекты/DevNotes)
2026-10-02 15:13:24 INFO  DevNotesApplication: The following 1 profile is active: "prod"
2026-10-02 15:13:24 INFO  RepositoryConfigurationDelegate: Bootstrapping Spring Data JPA repositories in DEFAULT mode.
2026-10-02 15:13:24 INFO  RepositoryConfigurationDelegate: Finished Spring Data repository scanning in 5 ms. Found 2 JPA repository interfaces.
2026-10-02 15:13:24 INFO  TomcatWebServer: Tomcat initialized with port 8080 (http)
2026-10-02 15:13:24 INFO  StandardService: Starting service [Tomcat]
2026-10-02 15:13:24 INFO  StandardEngine: Starting Servlet engine: [Apache Tomcat/11.0.21]
2026-10-02 15:13:24 INFO  WebApplicationContextInitializer: Root WebApplicationContext: initialization completed in 307 ms
2026-10-02 15:13:24 INFO  jpa: HHH008540: Processing PersistenceUnitInfo [name: default]
2026-10-02 15:13:24 INFO  SpringPersistenceUnitInfo: No LoadTimeWeaver setup: ignoring JPA class transformer
2026-10-02 15:13:24 INFO  HikariDataSource: HikariPool-3 - Starting...
2026-10-02 15:13:25 INFO  HikariPool: HikariPool-3 - Added connection org.postgresql.jdbc.PgConnection@4cc69d7e
2026-10-02 15:13:25 INFO  HikariDataSource: HikariPool-3 - Start completed.
2026-10-02 15:13:25 INFO  pooling: HHH10001005: Database info:
	Database JDBC URL [jdbc:postgresql://localhost:5432/devnotes]
	Database driver: PostgreSQL JDBC Driver
	Database dialect: PostgreSQLDialect
	Database version: 16.15
	Default catalog/schema: devnotes/public
	Autocommit mode: undefined/unknown
	Isolation level: READ_COMMITTED [default READ_COMMITTED]
	JDBC fetch size: none
	Pool: DataSourceConnectionProvider
	Minimum pool size: undefined/unknown
	Maximum pool size: undefined/unknown
2026-10-02 15:13:25 INFO  core: HHH000489: No JTA platform available (set 'hibernate.transaction.jta.platform' to enable JTA platform integration)
2026-10-02 15:13:25 INFO  LocalContainerEntityManagerFactoryBean: Initialized JPA EntityManagerFactory for persistence unit 'default'
2026-10-02 15:13:25 WARN  JpaBaseConfiguration$JpaWebConfiguration: spring.jpa.open-in-view is enabled by default. Therefore, database queries may be performed during view rendering. Explicitly configure spring.jpa.open-in-view to disable this warning
2026-10-02 15:13:25 INFO  InitializeUserDetailsBeanManagerConfigurer$InitializeUserDetailsManagerConfigurer: Global AuthenticationManager configured with UserDetailsService bean with name userDetailsService
2026-10-02 15:13:25 INFO  EndpointLinksResolver: Exposing 3 endpoints beneath base path '/actuator'
2026-10-02 15:13:25 INFO  TomcatWebServer: Tomcat started on port 8080 (http) with context path '/'
2026-10-02 15:13:25 INFO  DevNotesApplication: Started DevNotesApplication in 1.433 seconds (process running for 58.883)
2026-10-02 15:13:25 INFO  ConditionEvaluationDeltaLoggingListener: Condition evaluation delta:


==========================
CONDITION EVALUATION DELTA
==========================


Positive matches:
-----------------

    None


Negative matches:
-----------------

   ManagementWebSecurityAutoConfiguration:
      Did not match:
         - AllNestedConditions 1 matched 1 did not; NestedCondition on DefaultWebSecurityCondition.Beans @ConditionalOnMissingBean (types: org.springframework.security.web.SecurityFilterChain; SearchStrategy: all) found beans of type 'org.springframework.security.web.SecurityFilterChain' filterChain; NestedCondition on DefaultWebSecurityCondition.Classes @ConditionalOnClass found required classes 'org.springframework.security.web.SecurityFilterChain', 'org.springframework.security.config.annotation.web.builders.HttpSecurity' (DefaultWebSecurityCondition)
      Matched:
         - @ConditionalOnClass found required classes 'org.springframework.security.web.util.matcher.RequestMatcher', 'org.springframework.boot.actuate.autoconfigure.endpoint.web.WebEndpointAutoConfiguration' (OnClassCondition)
         - found 'session' scope (OnWebApplicationCondition)

   UserDetailsServiceAutoConfiguration:
      Did not match:
         - @ConditionalOnMissingBean (types: org.springframework.security.authentication.AuthenticationManager,org.springframework.security.authentication.AuthenticationProvider,org.springframework.security.core.userdetails.UserDetailsService,org.springframework.security.authentication.AuthenticationManagerResolver,org.springframework.security.oauth2.jwt.JwtDecoder; SearchStrategy: all) found beans of type 'org.springframework.security.core.userdetails.UserDetailsService' userDetailsService (OnBeanCondition)
      Matched:
         - @ConditionalOnClass found required class 'org.springframework.security.authentication.AuthenticationManager' (OnClassCondition)
         - found 'session' scope (OnWebApplicationCondition)
         - AnyNestedCondition 1 matched 2 did not; NestedCondition on MissingAlternativeUserDetailsManagerOrUserPropertiesConfigured.PasswordConfigured @ConditionalOnProperty (spring.security.user.password) did not find property 'spring.security.user.password'; NestedCondition on MissingAlternativeUserDetailsManagerOrUserPropertiesConfigured.NameConfigured @ConditionalOnProperty (spring.security.user.name) did not find property 'spring.security.user.name'; NestedCondition on MissingAlternativeUserDetailsManagerOrUserPropertiesConfigured.MissingAlternative @ConditionalOnMissingClass did not find unwanted classes 'org.springframework.security.oauth2.client.registration.ClientRegistrationRepository', 'org.springframework.security.oauth2.server.resource.introspection.OpaqueTokenIntrospector', 'org.springframework.security.saml2.provider.service.registration.RelyingPartyRegistrationRepository' (MissingAlternativeUserDetailsManagerOrUserPropertiesConfigured)


Exclusions:
-----------

    None


Unconditional classes:
----------------------

    None



2026-10-02 15:13:32 INFO  GracefulShutdown: Commencing graceful shutdown. Waiting for active requests to complete
2026-10-02 15:13:32 INFO  GracefulShutdown: Graceful shutdown complete
2026-10-02 15:13:32 INFO  LocalContainerEntityManagerFactoryBean: Closing JPA EntityManagerFactory for persistence unit 'default'
2026-10-02 15:13:32 INFO  HikariDataSource: HikariPool-3 - Shutdown initiated...
2026-10-02 15:13:32 INFO  HikariDataSource: HikariPool-3 - Shutdown completed.
2026-10-02 15:13:34 INFO  DevNotesApplication: Starting DevNotesApplication v1.1.8 using Java 21.0.12 with PID 23833 (/home/sergey/Проекты/DevNotes/target/classes started by sergey in /home/sergey/Проекты/DevNotes)
2026-10-02 15:13:34 INFO  DevNotesApplication: The following 1 profile is active: "prod"
2026-10-02 15:13:34 INFO  DevToolsPropertyDefaultsPostProcessor: Devtools property defaults active! Set 'spring.devtools.add-properties' to 'false' to disable
2026-10-02 15:13:34 INFO  DevToolsPropertyDefaultsPostProcessor: For additional web related logging consider setting the 'logging.level.web' property to 'DEBUG'
2026-10-02 15:13:35 INFO  RepositoryConfigurationDelegate: Bootstrapping Spring Data JPA repositories in DEFAULT mode.
2026-10-02 15:13:35 INFO  RepositoryConfigurationDelegate: Finished Spring Data repository scanning in 65 ms. Found 2 JPA repository interfaces.
2026-10-02 15:13:36 INFO  TomcatWebServer: Tomcat initialized with port 8080 (http)
2026-10-02 15:13:36 INFO  StandardService: Starting service [Tomcat]
2026-10-02 15:13:36 INFO  StandardEngine: Starting Servlet engine: [Apache Tomcat/11.0.21]
2026-10-02 15:13:36 INFO  WebApplicationContextInitializer: Root WebApplicationContext: initialization completed in 1605 ms
2026-10-02 15:13:36 INFO  jpa: HHH008540: Processing PersistenceUnitInfo [name: default]
2026-10-02 15:13:36 INFO  core: HHH000001: Hibernate ORM core version 7.2.12.Final
2026-10-02 15:13:37 INFO  SpringPersistenceUnitInfo: No LoadTimeWeaver setup: ignoring JPA class transformer
2026-10-02 15:13:37 INFO  HikariDataSource: HikariPool-1 - Starting...
2026-10-02 15:13:37 INFO  HikariPool: HikariPool-1 - Added connection org.postgresql.jdbc.PgConnection@2345ab2f
2026-10-02 15:13:37 INFO  HikariDataSource: HikariPool-1 - Start completed.
2026-10-02 15:13:37 INFO  pooling: HHH10001005: Database info:
	Database JDBC URL [jdbc:postgresql://localhost:5432/devnotes]
	Database driver: PostgreSQL JDBC Driver
	Database dialect: PostgreSQLDialect
	Database version: 16.15
	Default catalog/schema: devnotes/public
	Autocommit mode: undefined/unknown
	Isolation level: READ_COMMITTED [default READ_COMMITTED]
	JDBC fetch size: none
	Pool: DataSourceConnectionProvider
	Minimum pool size: undefined/unknown
	Maximum pool size: undefined/unknown
2026-10-02 15:13:38 INFO  core: HHH000489: No JTA platform available (set 'hibernate.transaction.jta.platform' to enable JTA platform integration)
2026-10-02 15:13:38 INFO  LocalContainerEntityManagerFactoryBean: Initialized JPA EntityManagerFactory for persistence unit 'default'
2026-10-02 15:13:38 INFO  QueryEnhancerFactories: Hibernate is in classpath; If applicable, HQL parser will be used.
2026-10-02 15:13:39 WARN  JpaBaseConfiguration$JpaWebConfiguration: spring.jpa.open-in-view is enabled by default. Therefore, database queries may be performed during view rendering. Explicitly configure spring.jpa.open-in-view to disable this warning
2026-10-02 15:13:39 INFO  InitializeUserDetailsBeanManagerConfigurer$InitializeUserDetailsManagerConfigurer: Global AuthenticationManager configured with UserDetailsService bean with name userDetailsService
2026-10-02 15:13:40 INFO  EndpointLinksResolver: Exposing 3 endpoints beneath base path '/actuator'
2026-10-02 15:13:40 INFO  TomcatWebServer: Tomcat started on port 8080 (http) with context path '/'
2026-10-02 15:13:40 INFO  DevNotesApplication: Started DevNotesApplication in 6.087 seconds (process running for 6.993)
2026-10-02 15:13:40 INFO  [/]: Initializing Spring DispatcherServlet 'dispatcherServlet'
2026-10-02 15:13:40 INFO  DispatcherServlet: Initializing Servlet 'dispatcherServlet'
2026-10-02 15:13:40 INFO  DispatcherServlet: Completed initialization in 4 ms
2026-10-02 15:26:06 INFO  LocalDevToolsAutoConfiguration$RestartingClassPathChangeChangedEventListener: Restarting due to 1 class path change (0 additions, 0 deletions, 1 modification)
2026-10-02 15:26:06 INFO  GracefulShutdown: Commencing graceful shutdown. Waiting for active requests to complete
2026-10-02 15:26:06 INFO  GracefulShutdown: Graceful shutdown complete
2026-10-02 15:26:06 INFO  LocalContainerEntityManagerFactoryBean: Closing JPA EntityManagerFactory for persistence unit 'default'
2026-10-02 15:26:06 INFO  HikariDataSource: HikariPool-1 - Shutdown initiated...
2026-10-02 15:26:06 INFO  HikariDataSource: HikariPool-1 - Shutdown completed.
2026-10-02 15:26:06 INFO  DevNotesApplication: Starting DevNotesApplication v1.1.8 using Java 21.0.12 with PID 23833 (/home/sergey/Проекты/DevNotes/target/classes started by sergey in /home/sergey/Проекты/DevNotes)
2026-10-02 15:26:06 INFO  DevNotesApplication: The following 1 profile is active: "prod"
2026-10-02 15:26:06 INFO  RepositoryConfigurationDelegate: Bootstrapping Spring Data JPA repositories in DEFAULT mode.
2026-10-02 15:26:06 INFO  RepositoryConfigurationDelegate: Finished Spring Data repository scanning in 8 ms. Found 2 JPA repository interfaces.
2026-10-02 15:26:06 INFO  TomcatWebServer: Tomcat initialized with port 8080 (http)
2026-10-02 15:26:06 INFO  StandardService: Starting service [Tomcat]
2026-10-02 15:26:06 INFO  StandardEngine: Starting Servlet engine: [Apache Tomcat/11.0.21]
2026-10-02 15:26:06 INFO  WebApplicationContextInitializer: Root WebApplicationContext: initialization completed in 532 ms
2026-10-02 15:26:06 INFO  jpa: HHH008540: Processing PersistenceUnitInfo [name: default]
2026-10-02 15:26:07 INFO  SpringPersistenceUnitInfo: No LoadTimeWeaver setup: ignoring JPA class transformer
2026-10-02 15:26:07 INFO  HikariDataSource: HikariPool-2 - Starting...
2026-10-02 15:26:07 INFO  HikariPool: HikariPool-2 - Added connection org.postgresql.jdbc.PgConnection@56332225
2026-10-02 15:26:07 INFO  HikariDataSource: HikariPool-2 - Start completed.
2026-10-02 15:26:07 INFO  pooling: HHH10001005: Database info:
	Database JDBC URL [jdbc:postgresql://localhost:5432/devnotes]
	Database driver: PostgreSQL JDBC Driver
	Database dialect: PostgreSQLDialect
	Database version: 16.15
	Default catalog/schema: devnotes/public
	Autocommit mode: undefined/unknown
	Isolation level: READ_COMMITTED [default READ_COMMITTED]
	JDBC fetch size: none
	Pool: DataSourceConnectionProvider
	Minimum pool size: undefined/unknown
	Maximum pool size: undefined/unknown
2026-10-02 15:26:07 INFO  core: HHH000489: No JTA platform available (set 'hibernate.transaction.jta.platform' to enable JTA platform integration)
2026-10-02 15:26:07 INFO  LocalContainerEntityManagerFactoryBean: Initialized JPA EntityManagerFactory for persistence unit 'default'
2026-10-02 15:26:07 WARN  JpaBaseConfiguration$JpaWebConfiguration: spring.jpa.open-in-view is enabled by default. Therefore, database queries may be performed during view rendering. Explicitly configure spring.jpa.open-in-view to disable this warning
2026-10-02 15:26:07 INFO  InitializeUserDetailsBeanManagerConfigurer$InitializeUserDetailsManagerConfigurer: Global AuthenticationManager configured with UserDetailsService bean with name userDetailsService
2026-10-02 15:26:08 INFO  EndpointLinksResolver: Exposing 3 endpoints beneath base path '/actuator'
2026-10-02 15:26:08 INFO  TomcatWebServer: Tomcat started on port 8080 (http) with context path '/'
2026-10-02 15:26:08 INFO  DevNotesApplication: Started DevNotesApplication in 1.949 seconds (process running for 754.996)
2026-10-02 15:26:08 INFO  ConditionEvaluationDeltaLoggingListener: Condition evaluation delta:


==========================
CONDITION EVALUATION DELTA
==========================


Positive matches:
-----------------

   TaskSchedulingAutoConfiguration#scheduledBeanLazyInitializationExcludeFilter matched:
      - @ConditionalOnBean (names: org.springframework.scheduling.config.internalScheduledAnnotationProcessor; SearchStrategy: all) found bean 'org.springframework.scheduling.config.internalScheduledAnnotationProcessor' (OnBeanCondition)

   TaskSchedulingConfigurations.TaskSchedulerConfiguration matched:
      - @ConditionalOnBean (names: org.springframework.scheduling.config.internalScheduledAnnotationProcessor; SearchStrategy: all) found bean 'org.springframework.scheduling.config.internalScheduledAnnotationProcessor'; @ConditionalOnMissingBean (types: org.springframework.scheduling.TaskScheduler,java.util.concurrent.ScheduledExecutorService; SearchStrategy: all) did not find any beans (OnBeanCondition)

   TaskSchedulingConfigurations.TaskSchedulerConfiguration#taskScheduler matched:
      - @ConditionalOnThreading found PLATFORM (OnThreadingCondition)


Negative matches:
-----------------

   TaskSchedulingConfigurations.TaskSchedulerConfiguration#taskSchedulerVirtualThreads:
      Did not match:
         - @ConditionalOnThreading did not find VIRTUAL (OnThreadingCondition)


Exclusions:
-----------

    None


Unconditional classes:
----------------------

    None



2026-10-02 15:27:20 INFO  GracefulShutdown: Commencing graceful shutdown. Waiting for active requests to complete
2026-10-02 15:27:20 INFO  GracefulShutdown: Graceful shutdown complete
2026-10-02 15:27:20 INFO  LocalContainerEntityManagerFactoryBean: Closing JPA EntityManagerFactory for persistence unit 'default'
2026-10-02 15:27:20 INFO  HikariDataSource: HikariPool-2 - Shutdown initiated...
2026-10-02 15:27:20 INFO  HikariDataSource: HikariPool-2 - Shutdown completed.
2026-10-02 15:29:16 INFO  DevNotesApplication: Starting DevNotesApplication v1.1.8 using Java 21.0.12 with PID 4292 (/home/sergey/Проекты/DevNotes/target/classes started by sergey in /home/sergey/Проекты/DevNotes)
2026-10-02 15:29:16 INFO  DevNotesApplication: The following 1 profile is active: "prod"
2026-10-02 15:29:17 INFO  DevToolsPropertyDefaultsPostProcessor: Devtools property defaults active! Set 'spring.devtools.add-properties' to 'false' to disable
2026-10-02 15:29:17 INFO  DevToolsPropertyDefaultsPostProcessor: For additional web related logging consider setting the 'logging.level.web' property to 'DEBUG'
2026-10-02 15:29:17 INFO  RepositoryConfigurationDelegate: Bootstrapping Spring Data JPA repositories in DEFAULT mode.
2026-10-02 15:29:17 INFO  RepositoryConfigurationDelegate: Finished Spring Data repository scanning in 23 ms. Found 2 JPA repository interfaces.
2026-10-02 15:29:17 INFO  TomcatWebServer: Tomcat initialized with port 8080 (http)
2026-10-02 15:29:17 INFO  StandardService: Starting service [Tomcat]
2026-10-02 15:29:17 INFO  StandardEngine: Starting Servlet engine: [Apache Tomcat/11.0.21]
2026-10-02 15:29:17 INFO  WebApplicationContextInitializer: Root WebApplicationContext: initialization completed in 963 ms
2026-10-02 15:29:18 INFO  jpa: HHH008540: Processing PersistenceUnitInfo [name: default]
2026-10-02 15:29:18 INFO  core: HHH000001: Hibernate ORM core version 7.2.12.Final
2026-10-02 15:29:18 INFO  SpringPersistenceUnitInfo: No LoadTimeWeaver setup: ignoring JPA class transformer
2026-10-02 15:29:18 INFO  HikariDataSource: HikariPool-1 - Starting...
2026-10-02 15:29:18 INFO  HikariPool: HikariPool-1 - Added connection org.postgresql.jdbc.PgConnection@65059a40
2026-10-02 15:29:18 INFO  HikariDataSource: HikariPool-1 - Start completed.
2026-10-02 15:29:18 INFO  pooling: HHH10001005: Database info:
	Database JDBC URL [jdbc:postgresql://localhost:5432/devnotes]
	Database driver: PostgreSQL JDBC Driver
	Database dialect: PostgreSQLDialect
	Database version: 16.15
	Default catalog/schema: devnotes/public
	Autocommit mode: undefined/unknown
	Isolation level: READ_COMMITTED [default READ_COMMITTED]
	JDBC fetch size: none
	Pool: DataSourceConnectionProvider
	Minimum pool size: undefined/unknown
	Maximum pool size: undefined/unknown
2026-10-02 15:29:19 INFO  core: HHH000489: No JTA platform available (set 'hibernate.transaction.jta.platform' to enable JTA platform integration)
2026-10-02 15:29:19 INFO  LocalContainerEntityManagerFactoryBean: Initialized JPA EntityManagerFactory for persistence unit 'default'
2026-10-02 15:29:19 INFO  QueryEnhancerFactories: Hibernate is in classpath; If applicable, HQL parser will be used.
2026-10-02 15:29:19 WARN  JpaBaseConfiguration$JpaWebConfiguration: spring.jpa.open-in-view is enabled by default. Therefore, database queries may be performed during view rendering. Explicitly configure spring.jpa.open-in-view to disable this warning
2026-10-02 15:29:19 INFO  InitializeUserDetailsBeanManagerConfigurer$InitializeUserDetailsManagerConfigurer: Global AuthenticationManager configured with UserDetailsService bean with name userDetailsService
2026-10-02 15:29:20 INFO  EndpointLinksResolver: Exposing 3 endpoints beneath base path '/actuator'
2026-10-02 15:29:20 INFO  TomcatWebServer: Tomcat started on port 8080 (http) with context path '/'
2026-10-02 15:29:20 INFO  DevNotesApplication: Started DevNotesApplication in 3.669 seconds (process running for 4.187)
2026-10-02 15:29:20 INFO  [/]: Initializing Spring DispatcherServlet 'dispatcherServlet'
2026-10-02 15:29:20 INFO  DispatcherServlet: Initializing Servlet 'dispatcherServlet'
2026-10-02 15:29:20 INFO  DispatcherServlet: Completed initialization in 2 ms
2026-10-02 15:29:42 INFO  SecurityConfig: Вход администратора: устройство - пк/компьютер, ip - 0:0:0:0:0:0:0:1
2026-10-02 15:30:01 INFO  PostService: Создан пост с URL 1
2026-10-02 15:30:01 INFO  ImageService: Привязано 0 изображение(-я) к посту с URL 1
2026-10-02 15:46:15 INFO  LocalDevToolsAutoConfiguration$RestartingClassPathChangeChangedEventListener: Restarting due to 182 class path changes (0 additions, 24 deletions, 158 modifications)
2026-10-02 15:46:15 INFO  GracefulShutdown: Commencing graceful shutdown. Waiting for active requests to complete
2026-10-02 15:46:15 INFO  GracefulShutdown: Graceful shutdown complete
2026-10-02 15:46:15 INFO  LocalContainerEntityManagerFactoryBean: Closing JPA EntityManagerFactory for persistence unit 'default'
2026-10-02 15:46:15 INFO  HikariDataSource: HikariPool-1 - Shutdown initiated...
2026-10-02 15:46:15 INFO  HikariDataSource: HikariPool-1 - Shutdown completed.
2026-10-02 15:46:15 INFO  DevNotesApplication: Starting DevNotesApplication v1.1.8 using Java 21.0.12 with PID 4292 (/home/sergey/Проекты/DevNotes/target/classes started by sergey in /home/sergey/Проекты/DevNotes)
2026-10-02 15:46:15 INFO  DevNotesApplication: The following 1 profile is active: "prod"
2026-10-02 15:46:16 INFO  RepositoryConfigurationDelegate: Bootstrapping Spring Data JPA repositories in DEFAULT mode.
2026-10-02 15:46:16 INFO  RepositoryConfigurationDelegate: Finished Spring Data repository scanning in 1 ms. Found 0 JPA repository interfaces.
2026-10-02 15:46:16 INFO  TomcatWebServer: Tomcat initialized with port 8080 (http)
2026-10-02 15:46:16 INFO  StandardService: Starting service [Tomcat]
2026-10-02 15:46:16 INFO  StandardEngine: Starting Servlet engine: [Apache Tomcat/11.0.21]
2026-10-02 15:46:16 INFO  WebApplicationContextInitializer: Root WebApplicationContext: initialization completed in 822 ms
2026-10-02 15:46:16 INFO  jpa: HHH008540: Processing PersistenceUnitInfo [name: default]
2026-10-02 15:46:16 INFO  SpringPersistenceUnitInfo: No LoadTimeWeaver setup: ignoring JPA class transformer
2026-10-02 15:46:16 INFO  HikariDataSource: HikariPool-2 - Starting...
2026-10-02 15:46:16 INFO  HikariPool: HikariPool-2 - Added connection org.postgresql.jdbc.PgConnection@c45ba2a
2026-10-02 15:46:16 INFO  HikariDataSource: HikariPool-2 - Start completed.
2026-10-02 15:46:16 INFO  pooling: HHH10001005: Database info:
	Database JDBC URL [jdbc:postgresql://localhost:5432/devnotes]
	Database driver: PostgreSQL JDBC Driver
	Database dialect: PostgreSQLDialect
	Database version: 16.15
	Default catalog/schema: devnotes/public
	Autocommit mode: undefined/unknown
	Isolation level: READ_COMMITTED [default READ_COMMITTED]
	JDBC fetch size: none
	Pool: DataSourceConnectionProvider
	Minimum pool size: undefined/unknown
	Maximum pool size: undefined/unknown
2026-10-02 15:46:16 INFO  core: HHH000489: No JTA platform available (set 'hibernate.transaction.jta.platform' to enable JTA platform integration)
2026-10-02 15:46:16 INFO  LocalContainerEntityManagerFactoryBean: Initialized JPA EntityManagerFactory for persistence unit 'default'
2026-10-02 15:46:16 WARN  JpaBaseConfiguration$JpaWebConfiguration: spring.jpa.open-in-view is enabled by default. Therefore, database queries may be performed during view rendering. Explicitly configure spring.jpa.open-in-view to disable this warning
2026-10-02 15:46:17 WARN  UserDetailsServiceAutoConfiguration: 

Using generated security password: ba493a01-089b-4545-ad91-c6f5c4b7c4ac

This generated password is for development use only. Your security configuration must be updated before running your application in production.

2026-10-02 15:46:17 INFO  InitializeUserDetailsBeanManagerConfigurer$InitializeUserDetailsManagerConfigurer: Global AuthenticationManager configured with UserDetailsService bean with name inMemoryUserDetailsManager
2026-10-02 15:46:17 INFO  EndpointLinksResolver: Exposing 3 endpoints beneath base path '/actuator'
2026-10-02 15:46:17 INFO  TomcatWebServer: Tomcat started on port 8080 (http) with context path '/'
2026-10-02 15:46:17 INFO  DevNotesApplication: Started DevNotesApplication in 1.83 seconds (process running for 1021.254)
2026-10-02 15:46:17 INFO  ConditionEvaluationDeltaLoggingListener: Condition evaluation delta:


==========================
CONDITION EVALUATION DELTA
==========================


Positive matches:
-----------------

   ManagementWebSecurityAutoConfiguration matched:
      - @ConditionalOnClass found required classes 'org.springframework.security.web.util.matcher.RequestMatcher', 'org.springframework.boot.actuate.autoconfigure.endpoint.web.WebEndpointAutoConfiguration' (OnClassCondition)
      - found 'session' scope (OnWebApplicationCondition)
      - AllNestedConditions 2 matched 0 did not; NestedCondition on DefaultWebSecurityCondition.Beans @ConditionalOnMissingBean (types: org.springframework.security.web.SecurityFilterChain; SearchStrategy: all) did not find any beans; NestedCondition on DefaultWebSecurityCondition.Classes @ConditionalOnClass found required classes 'org.springframework.security.web.SecurityFilterChain', 'org.springframework.security.config.annotation.web.builders.HttpSecurity' (DefaultWebSecurityCondition)

   UserDetailsServiceAutoConfiguration matched:
      - @ConditionalOnClass found required class 'org.springframework.security.authentication.AuthenticationManager' (OnClassCondition)
      - found 'session' scope (OnWebApplicationCondition)
      - AnyNestedCondition 1 matched 2 did not; NestedCondition on MissingAlternativeUserDetailsManagerOrUserPropertiesConfigured.PasswordConfigured @ConditionalOnProperty (spring.security.user.password) did not find property 'spring.security.user.password'; NestedCondition on MissingAlternativeUserDetailsManagerOrUserPropertiesConfigured.NameConfigured @ConditionalOnProperty (spring.security.user.name) did not find property 'spring.security.user.name'; NestedCondition on MissingAlternativeUserDetailsManagerOrUserPropertiesConfigured.MissingAlternative @ConditionalOnMissingClass did not find unwanted classes 'org.springframework.security.oauth2.client.registration.ClientRegistrationRepository', 'org.springframework.security.oauth2.server.resource.introspection.OpaqueTokenIntrospector', 'org.springframework.security.saml2.provider.service.registration.RelyingPartyRegistrationRepository' (MissingAlternativeUserDetailsManagerOrUserPropertiesConfigured)
      - @ConditionalOnMissingBean (types: org.springframework.security.authentication.AuthenticationManager,org.springframework.security.authentication.AuthenticationProvider,org.springframework.security.core.userdetails.UserDetailsService,org.springframework.security.authentication.AuthenticationManagerResolver,org.springframework.security.oauth2.jwt.JwtDecoder; SearchStrategy: all) did not find any beans (OnBeanCondition)


Negative matches:
-----------------

    None


Exclusions:
-----------

    None


Unconditional classes:
----------------------

    None



2026-10-02 15:46:18 INFO  LocalDevToolsAutoConfiguration$RestartingClassPathChangeChangedEventListener: Restarting due to 24 class path changes (24 additions, 0 deletions, 0 modifications)
2026-10-02 15:46:18 INFO  GracefulShutdown: Commencing graceful shutdown. Waiting for active requests to complete
2026-10-02 15:46:18 INFO  GracefulShutdown: Graceful shutdown complete
2026-10-02 15:46:18 INFO  LocalContainerEntityManagerFactoryBean: Closing JPA EntityManagerFactory for persistence unit 'default'
2026-10-02 15:46:18 INFO  HikariDataSource: HikariPool-2 - Shutdown initiated...
2026-10-02 15:46:18 INFO  HikariDataSource: HikariPool-2 - Shutdown completed.
2026-10-02 15:46:18 INFO  DevNotesApplication: Starting DevNotesApplication v1.1.8 using Java 21.0.12 with PID 4292 (/home/sergey/Проекты/DevNotes/target/classes started by sergey in /home/sergey/Проекты/DevNotes)
2026-10-02 15:46:18 INFO  DevNotesApplication: The following 1 profile is active: "prod"
2026-10-02 15:46:18 INFO  RepositoryConfigurationDelegate: Bootstrapping Spring Data JPA repositories in DEFAULT mode.
2026-10-02 15:46:18 INFO  RepositoryConfigurationDelegate: Finished Spring Data repository scanning in 8 ms. Found 2 JPA repository interfaces.
2026-10-02 15:46:19 INFO  TomcatWebServer: Tomcat initialized with port 8080 (http)
2026-10-02 15:46:19 INFO  StandardService: Starting service [Tomcat]
2026-10-02 15:46:19 INFO  StandardEngine: Starting Servlet engine: [Apache Tomcat/11.0.21]
2026-10-02 15:46:19 INFO  WebApplicationContextInitializer: Root WebApplicationContext: initialization completed in 377 ms
2026-10-02 15:46:19 INFO  jpa: HHH008540: Processing PersistenceUnitInfo [name: default]
2026-10-02 15:46:19 INFO  SpringPersistenceUnitInfo: No LoadTimeWeaver setup: ignoring JPA class transformer
2026-10-02 15:46:19 INFO  HikariDataSource: HikariPool-3 - Starting...
2026-10-02 15:46:19 INFO  HikariPool: HikariPool-3 - Added connection org.postgresql.jdbc.PgConnection@1a533454
2026-10-02 15:46:19 INFO  HikariDataSource: HikariPool-3 - Start completed.
2026-10-02 15:46:19 INFO  pooling: HHH10001005: Database info:
	Database JDBC URL [jdbc:postgresql://localhost:5432/devnotes]
	Database driver: PostgreSQL JDBC Driver
	Database dialect: PostgreSQLDialect
	Database version: 16.15
	Default catalog/schema: devnotes/public
	Autocommit mode: undefined/unknown
	Isolation level: READ_COMMITTED [default READ_COMMITTED]
	JDBC fetch size: none
	Pool: DataSourceConnectionProvider
	Minimum pool size: undefined/unknown
	Maximum pool size: undefined/unknown
2026-10-02 15:46:19 INFO  core: HHH000489: No JTA platform available (set 'hibernate.transaction.jta.platform' to enable JTA platform integration)
2026-10-02 15:46:19 INFO  LocalContainerEntityManagerFactoryBean: Initialized JPA EntityManagerFactory for persistence unit 'default'
2026-10-02 15:46:19 WARN  JpaBaseConfiguration$JpaWebConfiguration: spring.jpa.open-in-view is enabled by default. Therefore, database queries may be performed during view rendering. Explicitly configure spring.jpa.open-in-view to disable this warning
2026-10-02 15:46:19 INFO  InitializeUserDetailsBeanManagerConfigurer$InitializeUserDetailsManagerConfigurer: Global AuthenticationManager configured with UserDetailsService bean with name userDetailsService
2026-10-02 15:46:20 INFO  EndpointLinksResolver: Exposing 3 endpoints beneath base path '/actuator'
2026-10-02 15:46:20 INFO  TomcatWebServer: Tomcat started on port 8080 (http) with context path '/'
2026-10-02 15:46:20 INFO  DevNotesApplication: Started DevNotesApplication in 1.505 seconds (process running for 1024.038)
2026-10-02 15:46:20 INFO  GracefulShutdown: Commencing graceful shutdown. Waiting for active requests to complete
2026-10-02 15:46:20 INFO  ConditionEvaluationDeltaLoggingListener: Condition evaluation delta:


==========================
CONDITION EVALUATION DELTA
==========================


Positive matches:
-----------------

    None


Negative matches:
-----------------

   ManagementWebSecurityAutoConfiguration:
      Did not match:
         - AllNestedConditions 1 matched 1 did not; NestedCondition on DefaultWebSecurityCondition.Beans @ConditionalOnMissingBean (types: org.springframework.security.web.SecurityFilterChain; SearchStrategy: all) found beans of type 'org.springframework.security.web.SecurityFilterChain' filterChain; NestedCondition on DefaultWebSecurityCondition.Classes @ConditionalOnClass found required classes 'org.springframework.security.web.SecurityFilterChain', 'org.springframework.security.config.annotation.web.builders.HttpSecurity' (DefaultWebSecurityCondition)
      Matched:
         - @ConditionalOnClass found required classes 'org.springframework.security.web.util.matcher.RequestMatcher', 'org.springframework.boot.actuate.autoconfigure.endpoint.web.WebEndpointAutoConfiguration' (OnClassCondition)
         - found 'session' scope (OnWebApplicationCondition)

   UserDetailsServiceAutoConfiguration:
      Did not match:
         - @ConditionalOnMissingBean (types: org.springframework.security.authentication.AuthenticationManager,org.springframework.security.authentication.AuthenticationProvider,org.springframework.security.core.userdetails.UserDetailsService,org.springframework.security.authentication.AuthenticationManagerResolver,org.springframework.security.oauth2.jwt.JwtDecoder; SearchStrategy: all) found beans of type 'org.springframework.security.core.userdetails.UserDetailsService' userDetailsService (OnBeanCondition)
      Matched:
         - @ConditionalOnClass found required class 'org.springframework.security.authentication.AuthenticationManager' (OnClassCondition)
         - found 'session' scope (OnWebApplicationCondition)
         - AnyNestedCondition 1 matched 2 did not; NestedCondition on MissingAlternativeUserDetailsManagerOrUserPropertiesConfigured.PasswordConfigured @ConditionalOnProperty (spring.security.user.password) did not find property 'spring.security.user.password'; NestedCondition on MissingAlternativeUserDetailsManagerOrUserPropertiesConfigured.NameConfigured @ConditionalOnProperty (spring.security.user.name) did not find property 'spring.security.user.name'; NestedCondition on MissingAlternativeUserDetailsManagerOrUserPropertiesConfigured.MissingAlternative @ConditionalOnMissingClass did not find unwanted classes 'org.springframework.security.oauth2.client.registration.ClientRegistrationRepository', 'org.springframework.security.oauth2.server.resource.introspection.OpaqueTokenIntrospector', 'org.springframework.security.saml2.provider.service.registration.RelyingPartyRegistrationRepository' (MissingAlternativeUserDetailsManagerOrUserPropertiesConfigured)


Exclusions:
-----------

    None


Unconditional classes:
----------------------

    None



2026-10-02 15:46:20 INFO  GracefulShutdown: Graceful shutdown complete
2026-10-02 15:46:20 INFO  LocalContainerEntityManagerFactoryBean: Closing JPA EntityManagerFactory for persistence unit 'default'
2026-10-02 15:46:20 INFO  HikariDataSource: HikariPool-3 - Shutdown initiated...
2026-10-02 15:46:20 INFO  HikariDataSource: HikariPool-3 - Shutdown completed.
